<?xml version="1.0" encoding="utf-8"?><testsuites name="pytest tests"><testsuite name="pytest" errors="0" failures="0" skipped="0" tests="35" time="0.964" timestamp="2026-10-09T21:36:39.673241+07:00" hostname="Alex"><testcase classname="tests.unit.test_health" name="test_health_returns_200_and_json" time="0.015" /><testcase classname="tests.unit.test_health" name="test_health_head_has_no_body" time="0.003" /><testcase classname="tests.unit.test_health" name="test_health_rejects_post" time="0.004" /><testcase classname="tests.unit.test_health" name="test_unknown_route_returns_404" time="0.003" /><testcase classname="tests.unit.test_visits" name="test_post_commits_before_cache_and_returns_location" time="0.004" /><testcase classname="tests.unit.test_visits" name="test_get_cold_cache_uses_database" time="0.005" /><testcase classname="tests.unit.test_visits" name="test_get_warm_cache_does_not_call_database" time="0.004" /><testcase classname="tests.unit.test_visits" name="test_missing_visit_is_not_cached" time="0.004" /><testcase classname="tests.unit.test_visits" name="test_invalid_id_never_reaches_storage[0]" time="0.004" /><testcase classname="tests.unit.test_visits" name="test_invalid_id_never_reaches_storage[9223372036854775808]" time="0.004" /><testcase classname="tests.unit.test_visits" name="test_invalid_id_never_reaches_storage[abc]" time="0.004" /><testcase classname="tests.unit.test_visits" name="test_invalid_id_never_reaches_storage[-1]" time="0.004" /><testcase classname="tests.unit.test_visits" name="test_storage_failure_does_not_cache_or_leak_details" time="0.004" /><testcase classname="tests.unit.test_visits" name="test_ready_requires_database_but_health_does_not" time="0.004" /><testcase classname="tests.unit.test_visits" name="test_unconfigured_storage_keeps_health_but_fails_ready_and_business_routes" time="0.005" /><testcase classname="tests.unit.test_visits" name="test_bad_configuration_is_rejected[overrides0]" time="0.002" /><testcase classname="tests.unit.test_visits" name="test_bad_configuration_is_rejected[overrides1]" time="0.001" /><testcase classname="tests.unit.test_visits" name="test_bad_configuration_is_rejected[overrides2]" time="0.001" /><testcase classname="tests.unit.test_visits" name="test_bad_configuration_is_rejected[overrides3]" time="0.001" /><testcase classname="tests.unit.test_visits" name="test_bad_configuration_is_rejected[overrides4]" time="0.001" /><testcase classname="tests.unit.test_visits" name="test_factory_initializes_closes_resources_and_exposes_schema_command" time="0.004" /><testcase classname="tests.unit.test_visits" name="test_corrupted_cache_is_treated_as_a_miss[not-json]" time="0.002" /><testcase classname="tests.unit.test_visits" name="test_corrupted_cache_is_treated_as_a_miss[[]]" time="0.001" /><testcase classname="tests.unit.test_visits" name="test_corrupted_cache_is_treated_as_a_miss[null]" time="0.001" /><testcase classname="tests.unit.test_visits" name="test_corrupted_cache_is_treated_as_a_miss[{}]" time="0.001" /><testcase classname="tests.unit.test_visits" name="test_corrupted_cache_is_treated_as_a_miss[{&quot;id&quot;:2,&quot;created_at&quot;:&quot;2026-01-01T00:00:00+00:00&quot;}]" time="0.001" /><testcase classname="tests.unit.test_visits" name="test_corrupted_cache_is_treated_as_a_miss[{&quot;id&quot;:true,&quot;created_at&quot;:&quot;2026-01-01T00:00:00+00:00&quot;}]" time="0.001" /><testcase classname="tests.unit.test_visits" name="test_corrupted_cache_is_treated_as_a_miss[{&quot;id&quot;:1,&quot;created_at&quot;:&quot;2026-01-01T00:00:00&quot;}]" time="0.001" /><testcase classname="tests.unit.test_visits" name="test_corrupted_cache_is_treated_as_a_miss[{&quot;id&quot;:1,&quot;created_at&quot;:null}]" time="0.001" /><testcase classname="tests.unit.test_visits" name="test_cache_serialization_ttl_and_miss" time="0.001" /><testcase classname="tests.unit.test_visits" name="test_redis_failure_does_not_escape_adapter" time="0.001" /><testcase classname="tests.unit.test_visits" name="test_repository_maps_row_and_queries_by_parameter" time="0.002" /><testcase classname="tests.unit.test_visits" name="test_failed_commit_never_reaches_cache" time="0.002" /><testcase classname="tests.unit.test_visits" name="test_programming_errors_are_not_mislabeled_as_temporary_failures" time="0.001" /><testcase classname="tests.unit.test_visits" name="test_resources_use_bounded_pools_and_close_them" time="0.006" /></testsuite></testsuites>